
> frontend@0.0.0 test
> vitest --run


[1m[46m RUN [49m[22m [36mv4.0.8 [39m[90mC:/Repos/easi/frontend[39m

 [32m✓[39m src/hooks/useReleaseNotes.test.ts [2m([22m[2m13 tests[22m[2m)[22m[33m 1115[2mms[22m[39m
 [32m✓[39m src/features/business-domains/hooks/useCapabilityRealizations.test.ts [2m([22m[2m19 tests[22m[2m)[22m[33m 1133[2mms[22m[39m
 [32m✓[39m src/features/users/pages/UsersPage.test.tsx [2m([22m[2m19 tests[22m[2m)[22m[33m 1128[2mms[22m[39m
 [32m✓[39m src/features/business-domains/components/ApplicationChip.test.tsx [2m([22m[2m13 tests[22m[2m)[22m[33m 3275[2mms[22m[39m
       [33m[2m✓[22m[39m calls onClick with componentId when clicked [33m 585[2mms[22m[39m
       [33m[2m✓[22m[39m applies darker background for Direct realizations [33m 415[2mms[22m[39m
       [33m[2m✓[22m[39m applies lighter background for Inherited realizations [33m 488[2mms[22m[39m
 [32m✓[39m src/api/client.capability.test.ts [2m([22m[2m39 tests[22m[2m)[22m[33m 4229[2mms[22m[39m
       [33m[2m✓[22m[39m should return all capabilities from collection response [33m 678[2mms[22m[39m
 [32m✓[39m src/features/settings/components/StrategyPillarsSettings.test.tsx [2m([22m[2m19 tests[22m[2m)[22m[33m 1199[2mms[22m[39m
 [32m✓[39m src/contexts/releases/store/useReleaseNotes.test.ts [2m([22m[2m13 tests[22m[2m)[22m[33m 918[2mms[22m[39m
 [32m✓[39m src/features/importing/hooks/useImportSession.test.ts [2m([22m[2m8 tests[22m[2m)[22m[33m 7223[2mms[22m[39m
       [33m[2m✓[22m[39m should poll for progress when status is importing [33m 4043[2mms[22m[39m
       [33m[2m✓[22m[39m should stop polling when status is completed [33m 3022[2mms[22m[39m
 [32m✓[39m src/features/components/components/CreateComponentDialog.test.tsx [2m([22m[2m8 tests[22m[2m)[22m[33m 3538[2mms[22m[39m
     [33m[2m✓[22m[39m should render dialog when open [33m 840[2mms[22m[39m
     [33m[2m✓[22m[39m should disable submit button when name is empty [33m 368[2mms[22m[39m
     [33m[2m✓[22m[39m should call createComponent mutation with valid data [33m 758[2mms[22m[39m
     [33m[2m✓[22m[39m should trim whitespace from inputs [33m 685[2mms[22m[39m
     [33m[2m✓[22m[39m should handle create component error [33m 402[2mms[22m[39m
 [32m✓[39m src/features/users/components/ChangeRoleModal.test.tsx [2m([22m[2m15 tests[22m[2m)[22m[33m 961[2mms[22m[39m
 [32m✓[39m src/features/components/components/EditComponentDialog.test.tsx [2m([22m[2m14 tests[22m[2m)[22m[33m 3657[2mms[22m[39m
       [33m[2m✓[22m[39m should show modal when isOpen is true [33m 876[2mms[22m[39m
       [33m[2m✓[22m[39m should reset form state when cancelled [33m 311[2mms[22m[39m
       [33m[2m✓[22m[39m should disable submit button when name is empty [33m 764[2mms[22m[39m
 [32m✓[39m src/features/navigation/components/NavigationTree.ColorIndicators.test.tsx [2m([22m[2m15 tests[22m[2m)[22m[33m 3934[2mms[22m[39m
       [33m[2m✓[22m[39m should show custom color indicator next to component when colorScheme is "custom" and component has customColor [33m 1195[2mms[22m[39m
       [33m[2m✓[22m[39m should show correct color for each component with custom colors [33m 401[2mms[22m[39m
       [33m[2m✓[22m[39m should show custom color indicator next to capability when colorScheme is "custom" and capability has customColor [33m 319[2mms[22m[39m
       [33m[2m✓[22m[39m should show correct color for each capability with custom colors [33m 317[2mms[22m[39m
       [33m[2m✓[22m[39m should show color indicator for child capabilities with custom colors [33m 349[2mms[22m[39m
       [33m[2m✓[22m[39m should show indicators when switching from maturity to custom scheme [33m 352[2mms[22m[39m
 [32m✓[39m src/features/components/components/ComponentDetails.ColorPicker.test.tsx [2m([22m[2m18 tests[22m[2m)[22m[33m 3456[2mms[22m[39m
       [33m[2m✓[22m[39m should show color picker in component details panel [33m 791[2mms[22m[39m
       [33m[2m✓[22m[39m should show current custom color if set [33m 583[2mms[22m[39m
       [33m[2m✓[22m[39m should show default color if custom color not set [33m 324[2mms[22m[39m
 [32m✓[39m src/components/canvas/CapabilityNode.ColorRendering.test.tsx [2m([22m[2m22 tests[22m[2m)[22m[33m 826[2mms[22m[39m
 [32m✓[39m src/features/capabilities/components/CapabilityDetails.ColorPicker.test.tsx [2m([22m[2m14 tests[22m[2m)[22m[33m 4832[2mms[22m[39m
       [33m[2m✓[22m[39m should show color picker in capability details panel [33m 848[2mms[22m[39m
       [33m[2m✓[22m[39m should show color picker label [33m 443[2mms[22m[39m
       [33m[2m✓[22m[39m should enable color picker when colorScheme is "custom" [33m 479[2mms[22m[39m
       [33m[2m✓[22m[39m should show current custom color if set [33m 763[2mms[22m[39m
       [33m[2m✓[22m[39m should show default color if custom color not set [33m 490[2mms[22m[39m
 [32m✓[39m src/components/canvas/ComponentNode.ColorRendering.test.tsx [2m([22m[2m21 tests[22m[2m)[22m[33m 1340[2mms[22m[39m
       [33m[2m✓[22m[39m should use customColor when colorScheme is "custom" and customColor is provided [33m 500[2mms[22m[39m
 [32m✓[39m src/features/business-domains/hooks/useGridPositions.test.ts [2m([22m[2m8 tests[22m[2m)[22m[33m 661[2mms[22m[39m
 [32m✓[39m src/features/invitations/pages/InvitationsPage.test.tsx [2m([22m[2m7 tests[22m[2m)[22m[33m 1255[2mms[22m[39m
     [33m[2m✓[22m[39m renders all invitations when filter is set to all [33m 397[2mms[22m[39m
 [32m✓[39m src/hooks/useAppInitialization.test.ts [2m([22m[2m7 tests[22m[2m)[22m[33m 666[2mms[22m[39m
 [32m✓[39m src/features/business-domains/components/NestedCapabilityGrid.test.tsx [2m([22m[2m8 tests[22m[2m)[22m[33m 2381[2mms[22m[39m
       [33m[2m✓[22m[39m should only show L1 capabilities [33m 358[2mms[22m[39m
       [33m[2m✓[22m[39m should apply correct colors for each level [33m 1143[2mms[22m[39m
 [32m✓[39m src/features/business-domains/hooks/useBusinessDomains.test.ts [2m([22m[2m13 tests[22m[2m)[22m[33m 729[2mms[22m[39m
 [32m✓[39m src/hooks/useLayout.test.ts [2m([22m[2m7 tests[22m[2m)[22m[33m 789[2mms[22m[39m
 [32m✓[39m src/features/views/hooks/useViews.test.ts [2m([22m[2m12 tests[22m[2m)[22m[33m 511[2mms[22m[39m
 [32m✓[39m src/features/business-domains/hooks/useDomainCapabilities.test.ts [2m([22m[2m4 tests[22m[2m)[22m[33m 450[2mms[22m[39m
 [32m✓[39m src/features/capabilities/components/CapabilityUIConsistency.test.tsx [2m([22m[2m20 tests[22m[2m)[22m[33m 14801[2mms[22m[39m
         [33m[2m✓[22m[39m should render dialog as a modal overlay when opened [33m 3357[2mms[22m[39m
         [33m[2m✓[22m[39m should call onClose when cancel button is clicked [33m 1732[2mms[22m[39m
         [33m[2m✓[22m[39m should follow same pattern as EditComponentDialog for dialog opening [33m 2396[2mms[22m[39m
         [33m[2m✓[22m[39m should render all capabilities in tree regardless of view presence [33m 603[2mms[22m[39m
         [33m[2m✓[22m[39m should allow capabilities not in view to remain draggable [33m 501[2mms[22m[39m
         [33m[2m✓[22m[39m should set correct data transfer on drag start for capabilities [33m 321[2mms[22m[39m
         [33m[2m✓[22m[39m should apply not-in-view class to components not in current view [33m 376[2mms[22m[39m
         [33m[2m✓[22m[39m should show tooltip suffix for components not in current view [33m 403[2mms[22m[39m
       [33m[2m✓[22m[39m should call onCapabilitySelect when capability is clicked in tree [33m 369[2mms[22m[39m
       [33m[2m✓[22m[39m should call onComponentSelect when component is clicked in tree [33m 664[2mms[22m[39m
         [33m[2m✓[22m[39m should show Edit option in capability tree context menu [33m 600[2mms[22m[39m
         [33m[2m✓[22m[39m should show Delete from Model option in capability tree context menu [33m 806[2mms[22m[39m
         [33m[2m✓[22m[39m should show Delete from Model option in component tree context menu [32m 300[2mms[22m[39m
         [33m[2m✓[22m[39m should have matching menu structure for capability and component tree items [33m 654[2mms[22m[39m
     [33m[2m✓[22m[39m should apply selected class when capability is clicked [33m 457[2mms[22m[39m
     [33m[2m✓[22m[39m should show expand button for capabilities with children [33m 337[2mms[22m[39m
 [32m✓[39m src/features/components/hooks/useComponents.test.ts [2m([22m[2m11 tests[22m[2m)[22m[33m 417[2mms[22m[39m
 [32m✓[39m src/features/capabilities/hooks/useCapabilities.test.ts [2m([22m[2m11 tests[22m[2m)[22m[33m 823[2mms[22m[39m
 [32m✓[39m src/features/relations/hooks/useRelations.test.ts [2m([22m[2m11 tests[22m[2m)[22m[33m 418[2mms[22m[39m
 [32m✓[39m src/features/business-domains/components/DomainForm.test.tsx [2m([22m[2m13 tests[22m[2m)[22m[33m 1125[2mms[22m[39m
 [32m✓[39m src/contexts/releases/components/ReleaseNotesBrowser.test.tsx [2m([22m[2m4 tests[22m[2m)[22m[33m 502[2mms[22m[39m
 [32m✓[39m src/features/business-domains/components/CapabilityExplorer.test.tsx [2m([22m[2m5 tests[22m[2m)[22m[33m 570[2mms[22m[39m
       [33m[2m✓[22m[39m should render L2 capabilities nested under their L1 parent [33m 308[2mms[22m[39m
 [32m✓[39m src/features/business-domains/components/DomainCard.test.tsx [2m([22m[2m3 tests[22m[2m)[22m[33m 419[2mms[22m[39m
       [33m[2m✓[22m[39m shows plural "capabilities" when count is greater than 1 [33m 302[2mms[22m[39m
 [32m✓[39m src/features/business-domains/components/CapabilityTagList.test.tsx [2m([22m[2m5 tests[22m[2m)[22m[32m 240[2mms[22m[39m
 [32m✓[39m src/hooks/useViewOperations.test.ts [2m([22m[2m3 tests[22m[2m)[22m[32m 238[2mms[22m[39m
 [32m✓[39m src/features/business-domains/components/DetailsSidebar.test.tsx [2m([22m[2m10 tests[22m[2m)[22m[33m 1261[2mms[22m[39m
       [33m[2m✓[22m[39m shows placeholder message when nothing is selected [33m 323[2mms[22m[39m
 [32m✓[39m src/features/capabilities/components/CreateCapabilityDialog.test.tsx [2m([22m[2m24 tests[22m[2m)[22m[33m 21043[2mms[22m[39m
       [33m[2m✓[22m[39m should show modal when isOpen is true [33m 1727[2mms[22m[39m
       [33m[2m✓[22m[39m should render dialog title when open [33m 690[2mms[22m[39m
       [33m[2m✓[22m[39m should call onClose when cancel button is clicked [33m 878[2mms[22m[39m
       [33m[2m✓[22m[39m should render all form fields [33m 579[2mms[22m[39m
       [33m[2m✓[22m[39m should have Active as default status [33m 622[2mms[22m[39m
       [33m[2m✓[22m[39m should show all status options [33m 689[2mms[22m[39m
       [33m[2m✓[22m[39m should disable submit button when name is empty [33m 772[2mms[22m[39m
       [33m[2m✓[22m[39m should enable submit button when name has content [33m 940[2mms[22m[39m
       [33m[2m✓[22m[39m should show error for name exceeding 200 characters [33m 1187[2mms[22m[39m
       [33m[2m✓[22m[39m should show error for description exceeding 1000 characters [33m 1476[2mms[22m[39m
       [33m[2m✓[22m[39m should show error when name is only whitespace [33m 1206[2mms[22m[39m
       [33m[2m✓[22m[39m should use maturity scale from hook [33m 808[2mms[22m[39m
       [33m[2m✓[22m[39m should set default maturity value to 12 [33m 842[2mms[22m[39m
       [33m[2m✓[22m[39m should fall back to default sections if hook returns empty [33m 715[2mms[22m[39m
       [33m[2m✓[22m[39m should display maturity slider [33m 798[2mms[22m[39m
       [33m[2m✓[22m[39m should call createCapability and updateCapabilityMetadata on submit [33m 975[2mms[22m[39m
       [33m[2m✓[22m[39m should trim whitespace from name and description [33m 1355[2mms[22m[39m
       [33m[2m✓[22m[39m should disable submit button during creation [33m 752[2mms[22m[39m
       [33m[2m✓[22m[39m should disable inputs while creating [33m 629[2mms[22m[39m
       [33m[2m✓[22m[39m should display backend errors [33m 905[2mms[22m[39m
       [33m[2m✓[22m[39m should display generic error for non-Error exceptions [33m 950[2mms[22m[39m
       [33m[2m✓[22m[39m should clear error when field changes [33m 832[2mms[22m[39m
       [33m[2m✓[22m[39m should reset form when dialog closes [33m 657[2mms[22m[39m
 [32m✓[39m src/contexts/releases/components/ReleaseNotesOverlay.test.tsx [2m([22m[2m8 tests[22m[2m)[22m[33m 325[2mms[22m[39m
 [32m✓[39m src/features/business-domains/hooks/useCapabilityContextMenu.test.ts [2m([22m[2m5 tests[22m[2m)[22m[32m 98[2mms[22m[39m
 [32m✓[39m src/features/business-domains/hooks/useCapabilitySelection.test.ts [2m([22m[2m7 tests[22m[2m)[22m[32m 129[2mms[22m[39m
 [32m✓[39m src/utils/layout.test.ts [2m([22m[2m10 tests[22m[2m)[22m[32m 152[2mms[22m[39m
 [32m✓[39m src/features/relations/components/CreateRelationDialog.test.tsx [2m([22m[2m13 tests[22m[2m)[22m[33m 26951[2mms[22m[39m
     [33m[2m✓[22m[39m should render dialog when open [33m 3099[2mms[22m[39m
     [33m[2m✓[22m[39m should display all components in dropdowns [33m 1244[2mms[22m[39m
     [33m[2m✓[22m[39m should disable submit button when required fields are empty [33m 1671[2mms[22m[39m
     [33m[2m✓[22m[39m should enable submit button when source and target are pre-filled [33m 1725[2mms[22m[39m
     [33m[2m✓[22m[39m should pre-fill source and target when provided [33m 2448[2mms[22m[39m
     [33m[2m✓[22m[39m should disable source and target when pre-filled [33m 1968[2mms[22m[39m
     [33m[2m✓[22m[39m should display error when source and target are the same [33m 1911[2mms[22m[39m
     [33m[2m✓[22m[39m should call API with valid data and close dialog [33m 2573[2mms[22m[39m
     [33m[2m✓[22m[39m should handle Serves relation type [33m 3410[2mms[22m[39m
     [33m[2m✓[22m[39m should handle create relation error [33m 1460[2mms[22m[39m
     [33m[2m✓[22m[39m should close dialog when cancel is clicked [33m 1075[2mms[22m[39m
     [33m[2m✓[22m[39m should select components via dropdown interaction [33m 3339[2mms[22m[39m
     [33m[2m✓[22m[39m should disable inputs while creating [33m 1009[2mms[22m[39m
 [32m✓[39m src/features/business-domains/components/VisualizationArea.test.tsx [2m([22m[2m6 tests[22m[2m)[22m[33m 642[2mms[22m[39m
 [32m✓[39m src/hooks/useCurrentView.test.ts [2m([22m[2m5 tests[22m[2m)[22m[32m 81[2mms[22m[39m
 [32m✓[39m src/store/slices/userSlice.test.ts [2m([22m[2m6 tests[22m[2m)[22m[32m 20[2mms[22m[39m
[31m⎯⎯⎯⎯⎯⎯[39m[1m[41m Unhandled Errors [49m[22m[31m⎯⎯⎯⎯⎯⎯[39m
[31m[1m
Vitest caught 11 unhandled errors during the test run.
This might cause false positive tests. Resolve unhandled errors to make sure your tests are not affected.[22m[39m

[31m⎯⎯⎯⎯⎯⎯[39m[1m[41m Unhandled Error [49m[22m[31m⎯⎯⎯⎯⎯⎯⎯[39m
[31m[1mError[22m: [vitest-pool]: Timeout starting threads runner.[39m
[90m [2m❯[22m Timeout.<anonymous> node_modules/vitest/dist/chunks/cli-api.BQ-bjcRi.js:[2m7235:65[22m[39m
[90m [2m❯[22m listOnTimeout node:internal/timers:[2m605:17[22m[39m
[90m [2m❯[22m processTimers node:internal/timers:[2m541:7[22m[39m


[31m⎯⎯⎯⎯⎯⎯[39m[1m[41m Unhandled Error [49m[22m[31m⎯⎯⎯⎯⎯⎯⎯[39m
[31m[1mError[22m: [vitest-pool]: Timeout starting threads runner.[39m
[90m [2m❯[22m Timeout.<anonymous> node_modules/vitest/dist/chunks/cli-api.BQ-bjcRi.js:[2m7235:65[22m[39m
[90m [2m❯[22m listOnTimeout node:internal/timers:[2m605:17[22m[39m
[90m [2m❯[22m processTimers node:internal/timers:[2m541:7[22m[39m


[31m⎯⎯⎯⎯⎯⎯[39m[1m[41m Unhandled Error [49m[22m[31m⎯⎯⎯⎯⎯⎯⎯[39m
[31m[1mError[22m: [vitest-pool]: Timeout starting threads runner.[39m
[90m [2m❯[22m Timeout.<anonymous> node_modules/vitest/dist/chunks/cli-api.BQ-bjcRi.js:[2m7235:65[22m[39m
[90m [2m❯[22m listOnTimeout node:internal/timers:[2m605:17[22m[39m
[90m [2m❯[22m processTimers node:internal/timers:[2m541:7[22m[39m


[31m⎯⎯⎯⎯⎯⎯[39m[1m[41m Unhandled Error [49m[22m[31m⎯⎯⎯⎯⎯⎯⎯[39m
[31m[1mError[22m: [vitest-pool]: Timeout starting threads runner.[39m
[90m [2m❯[22m Timeout.<anonymous> node_modules/vitest/dist/chunks/cli-api.BQ-bjcRi.js:[2m7235:65[22m[39m
[90m [2m❯[22m listOnTimeout node:internal/timers:[2m605:17[22m[39m
[90m [2m❯[22m processTimers node:internal/timers:[2m541:7[22m[39m


[31m⎯⎯⎯⎯⎯⎯[39m[1m[41m Unhandled Error [49m[22m[31m⎯⎯⎯⎯⎯⎯⎯[39m
[31m[1mError[22m: [vitest-pool]: Timeout starting threads runner.[39m
[90m [2m❯[22m Timeout.<anonymous> node_modules/vitest/dist/chunks/cli-api.BQ-bjcRi.js:[2m7235:65[22m[39m
[90m [2m❯[22m listOnTimeout node:internal/timers:[2m605:17[22m[39m
[90m [2m❯[22m processTimers node:internal/timers:[2m541:7[22m[39m


[31m⎯⎯⎯⎯⎯⎯[39m[1m[41m Unhandled Error [49m[22m[31m⎯⎯⎯⎯⎯⎯⎯[39m
[31m[1mError[22m: [vitest-pool]: Timeout starting threads runner.[39m
[90m [2m❯[22m Timeout.<anonymous> node_modules/vitest/dist/chunks/cli-api.BQ-bjcRi.js:[2m7235:65[22m[39m
[90m [2m❯[22m listOnTimeout node:internal/timers:[2m605:17[22m[39m
[90m [2m❯[22m processTimers node:internal/timers:[2m541:7[22m[39m


[31m⎯⎯⎯⎯⎯⎯[39m[1m[41m Unhandled Error [49m[22m[31m⎯⎯⎯⎯⎯⎯⎯[39m
[31m[1mError[22m: [vitest-pool]: Timeout starting threads runner.[39m
[90m [2m❯[22m Timeout.<anonymous> node_modules/vitest/dist/chunks/cli-api.BQ-bjcRi.js:[2m7235:65[22m[39m
[90m [2m❯[22m listOnTimeout node:internal/timers:[2m605:17[22m[39m
[90m [2m❯[22m processTimers node:internal/timers:[2m541:7[22m[39m


[31m⎯⎯⎯⎯⎯⎯[39m[1m[41m Unhandled Error [49m[22m[31m⎯⎯⎯⎯⎯⎯⎯[39m
[31m[1mError[22m: [vitest-pool]: Timeout starting threads runner.[39m
[90m [2m❯[22m Timeout.<anonymous> node_modules/vitest/dist/chunks/cli-api.BQ-bjcRi.js:[2m7235:65[22m[39m
[90m [2m❯[22m listOnTimeout node:internal/timers:[2m605:17[22m[39m
[90m [2m❯[22m processTimers node:internal/timers:[2m541:7[22m[39m


[31m⎯⎯⎯⎯⎯⎯[39m[1m[41m Unhandled Error [49m[22m[31m⎯⎯⎯⎯⎯⎯⎯[39m
[31m[1mError[22m: [vitest-pool]: Timeout starting threads runner.[39m
[90m [2m❯[22m Timeout.<anonymous> node_modules/vitest/dist/chunks/cli-api.BQ-bjcRi.js:[2m7235:65[22m[39m
[90m [2m❯[22m listOnTimeout node:internal/timers:[2m605:17[22m[39m
[90m [2m❯[22m processTimers node:internal/timers:[2m541:7[22m[39m


[31m⎯⎯⎯⎯⎯⎯[39m[1m[41m Unhandled Error [49m[22m[31m⎯⎯⎯⎯⎯⎯⎯[39m
[31m[1mError[22m: [vitest-pool]: Timeout starting threads runner.[39m
[90m [2m❯[22m Timeout.<anonymous> node_modules/vitest/dist/chunks/cli-api.BQ-bjcRi.js:[2m7235:65[22m[39m
[90m [2m❯[22m listOnTimeout node:internal/timers:[2m605:17[22m[39m
[90m [2m❯[22m processTimers node:internal/timers:[2m541:7[22m[39m


[31m⎯⎯⎯⎯⎯⎯[39m[1m[41m Unhandled Error [49m[22m[31m⎯⎯⎯⎯⎯⎯⎯[39m
[31m[1mError[22m: [vitest-pool]: Timeout starting threads runner.[39m
[90m [2m❯[22m Timeout.<anonymous> node_modules/vitest/dist/chunks/cli-api.BQ-bjcRi.js:[2m7235:65[22m[39m
[90m [2m❯[22m listOnTimeout node:internal/timers:[2m605:17[22m[39m
[90m [2m❯[22m processTimers node:internal/timers:[2m541:7[22m[39m

[31m⎯⎯⎯⎯⎯⎯⎯⎯⎯⎯⎯⎯⎯⎯⎯⎯⎯⎯⎯⎯⎯⎯⎯⎯⎯⎯⎯⎯⎯⎯[39m


[2m Test Files [22m [1m[32m44 passed[39m[22m[90m (44)[39m
[2m      Tests [22m [1m[32m516 passed[39m[22m[90m (516)[39m
[2m     Errors [22m [1m[31m11 errors[39m[22m
[2m   Start at [22m 19:14:35
[2m   Duration [22m 43.86s[2m (transform 16.55s, setup 70.78s, collect 105.68s, tests 120.46s, environment 191.31s, prepare 3.30s)[22m

